---
source: tui/src/diff_render.rs
expression: terminal.backend()
---
"• 拟议更改 src/lib.rs → src/lib_new.rs (+1 -1)                                  " Hidden by multi-width symbols: [(3, " "), (5, " "), (7, " "), (9, " ")]
"    1      line one                                                             "
"    2     -line two                                                             "
"    2     +line two changed                                                     "
"    3      line three                                                           "
"                                                                                "
"                                                                                "
"                                                                                "
"                                                                                "
"                                                                                "
"                                                                                "
"                                                                                "
